Archive member included to satisfy reference by file (symbol)

c:/st/stm32cubeide_1.7.0/stm32cubeide/plugins/com.st.stm32cube.ide.mcu.externaltools.gnu-tools-for-stm32.9-2020-q2-update.win32_2.0.0.202105311346/tools/bin/../lib/gcc/arm-none-eabi/9.3.1/../../../../arm-none-eabi/lib/thumb/v7-m/nofp\libc_nano.a(lib_a-errno.o)
                              ./Core/Src/syscalls.o (__errno)
c:/st/stm32cubeide_1.7.0/stm32cubeide/plugins/com.st.stm32cube.ide.mcu.externaltools.gnu-tools-for-stm32.9-2020-q2-update.win32_2.0.0.202105311346/tools/bin/../lib/gcc/arm-none-eabi/9.3.1/../../../../arm-none-eabi/lib/thumb/v7-m/nofp\libc_nano.a(lib_a-exit.o)
                              c:/st/stm32cubeide_1.7.0/stm32cubeide/plugins/com.st.stm32cube.ide.mcu.externaltools.gnu-tools-for-stm32.9-2020-q2-update.win32_2.0.0.202105311346/tools/bin/../lib/gcc/arm-none-eabi/9.3.1/../../../../arm-none-eabi/lib/thumb/v7-m/nofp/crt0.o (exit)
c:/st/stm32cubeide_1.7.0/stm32cubeide/plugins/com.st.stm32cube.ide.mcu.externaltools.gnu-tools-for-stm32.9-2020-q2-update.win32_2.0.0.202105311346/tools/bin/../lib/gcc/arm-none-eabi/9.3.1/../../../../arm-none-eabi/lib/thumb/v7-m/nofp\libc_nano.a(lib_a-impure.o)
                              c:/st/stm32cubeide_1.7.0/stm32cubeide/plugins/com.st.stm32cube.ide.mcu.externaltools.gnu-tools-for-stm32.9-2020-q2-update.win32_2.0.0.202105311346/tools/bin/../lib/gcc/arm-none-eabi/9.3.1/../../../../arm-none-eabi/lib/thumb/v7-m/nofp\libc_nano.a(lib_a-exit.o) (_global_impure_ptr)
c:/st/stm32cubeide_1.7.0/stm32cubeide/plugins/com.st.stm32cube.ide.mcu.externaltools.gnu-tools-for-stm32.9-2020-q2-update.win32_2.0.0.202105311346/tools/bin/../lib/gcc/arm-none-eabi/9.3.1/../../../../arm-none-eabi/lib/thumb/v7-m/nofp\libc_nano.a(lib_a-init.o)
                              c:/st/stm32cubeide_1.7.0/stm32cubeide/plugins/com.st.stm32cube.ide.mcu.externaltools.gnu-tools-for-stm32.9-2020-q2-update.win32_2.0.0.202105311346/tools/bin/../lib/gcc/arm-none-eabi/9.3.1/../../../../arm-none-eabi/lib/thumb/v7-m/nofp/crt0.o (__libc_init_array)
c:/st/stm32cubeide_1.7.0/stm32cubeide/plugins/com.st.stm32cube.ide.mcu.externaltools.gnu-tools-for-stm32.9-2020-q2-update.win32_2.0.0.202105311346/tools/bin/../lib/gcc/arm-none-eabi/9.3.1/../../../../arm-none-eabi/lib/thumb/v7-m/nofp\libc_nano.a(lib_a-memset.o)
                              c:/st/stm32cubeide_1.7.0/stm32cubeide/plugins/com.st.stm32cube.ide.mcu.externaltools.gnu-tools-for-stm32.9-2020-q2-update.win32_2.0.0.202105311346/tools/bin/../lib/gcc/arm-none-eabi/9.3.1/../../../../arm-none-eabi/lib/thumb/v7-m/nofp/crt0.o (memset)

Allocating common symbols
Common symbol       size              file

uwTick              0x4               ./Drivers/STM32F1xx_HAL_Driver/Src/stm32f1xx_hal.o
pFlash              0x20              ./Drivers/STM32F1xx_HAL_Driver/Src/stm32f1xx_hal_flash.o
htim2               0x48              ./Core/Src/main.o

Discarded input sections

 .text          0x0000000000000000        0x0 c:/st/stm32cubeide_1.7.0/stm32cubeide/plugins/com.st.stm32cube.ide.mcu.externaltools.gnu-tools-for-stm32.9-2020-q2-update.win32_2.0.0.202105311346/tools/bin/../lib/gcc/arm-none-eabi/9.3.1/thumb/v7-m/nofp/crti.o
 .data          0x0000000000000000        0x0 c:/st/stm32cubeide_1.7.0/stm32cubeide/plugins/com.st.stm32cube.ide.mcu.externaltools.gnu-tools-for-stm32.9-2020-q2-update.win32_2.0.0.202105311346/tools/bin/../lib/gcc/arm-none-eabi/9.3.1/thumb/v7-m/nofp/crti.o
 .bss           0x0000000000000000        0x0 c:/st/stm32cubeide_1.7.0/stm32cubeide/plugins/com.st.stm32cube.ide.mcu.externaltools.gnu-tools-for-stm32.9-2020-q2-update.win32_2.0.0.202105311346/tools/bin/../lib/gcc/arm-none-eabi/9.3.1/thumb/v7-m/nofp/crti.o
 .data          0x0000000000000000        0x4 c:/st/stm32cubeide_1.7.0/stm32cubeide/plugins/com.st.stm32cube.ide.mcu.externaltools.gnu-tools-for-stm32.9-2020-q2-update.win32_2.0.0.202105311346/tools/bin/../lib/gcc/arm-none-eabi/9.3.1/thumb/v7-m/nofp/crtbegin.o
 .text          0x0000000000000000       0x7c c:/st/stm32cubeide_1.7.0/stm32cubeide/plugins/com.st.stm32cube.ide.mcu.externaltools.gnu-tools-for-stm32.9-2020-q2-update.win32_2.0.0.202105311346/tools/bin/../lib/gcc/arm-none-eabi/9.3.1/../../../../arm-none-eabi/lib/thumb/v7-m/nofp/crt0.o
 .data          0x0000000000000000        0x0 c:/st/stm32cubeide_1.7.0/stm32cubeide/plugins/com.st.stm32cube.ide.mcu.externaltools.gnu-tools-for-stm32.9-2020-q2-update.win32_2.0.0.202105311346/tools/bin/../lib/gcc/arm-none-eabi/9.3.1/../../../../arm-none-eabi/lib/thumb/v7-m/nofp/crt0.o
 .bss           0x0000000000000000        0x0 c:/st/stm32cubeide_1.7.0/stm32cubeide/plugins/com.st.stm32cube.ide.mcu.externaltools.gnu-tools-for-stm32.9-2020-q2-update.win32_2.0.0.202105311346/tools/bin/../lib/gcc/arm-none-eabi/9.3.1/../../../../arm-none-eabi/lib/thumb/v7-m/nofp/crt0.o
[...]
Memory Configuration

Name             Origin             Length             Attributes
RAM              0x0000000020000000 0x0000000000002800 xrw
FLASH            0x0000000008000000 0x0000000000008000 xr
*default*        0x0000000000000000 0xffffffffffffffff

Linker script and memory map

LOAD c:/st/stm32cubeide_1.7.0/stm32cubeide/plugins/com.st.stm32cube.ide.mcu.externaltools.gnu-tools-for-stm32.9-2020-q2-update.win32_2.0.0.202105311346/tools/bin/../lib/gcc/arm-none-eabi/9.3.1/thumb/v7-m/nofp/crti.o
LOAD c:/st/stm32cubeide_1.7.0/stm32cubeide/plugins/com.st.stm32cube.ide.mcu.externaltools.gnu-tools-for-stm32.9-2020-q2-update.win32_2.0.0.202105311346/tools/bin/../lib/gcc/arm-none-eabi/9.3.1/thumb/v7-m/nofp/crtbegin.o
LOAD c:/st/stm32cubeide_1.7.0/stm32cubeide/plugins/com.st.stm32cube.ide.mcu.externaltools.gnu-tools-for-stm32.9-2020-q2-update.win32_2.0.0.202105311346/tools/bin/../lib/gcc/arm-none-eabi/9.3.1/../../../../arm-none-eabi/lib/thumb/v7-m/nofp/crt0.o
LOAD ./Core/Src/LedBlinky.o
LOAD ./Core/Src/button.o
LOAD ./Core/Src/display7seg.o
LOAD ./Core/Src/fsm_automatic.o
LOAD ./Core/Src/fsm_longpress.o
LOAD ./Core/Src/fsm_manual.o
LOAD ./Core/Src/global.o
LOAD ./Core/Src/main.o
LOAD ./Core/Src/software_timer.o
LOAD ./Core/Src/stm32f1xx_hal_msp.o
LOAD ./Core/Src/stm32f1xx_it.o
LOAD ./Core/Src/syscalls.o
LOAD ./Core/Src/sysmem.o
LOAD ./Core/Src/system_stm32f1xx.o
LOAD ./Core/Startup/startup_stm32f103c6ux.o
LOAD ./Drivers/STM32F1xx_HAL_Driver/Src/stm32f1xx_hal.o
LOAD ./Drivers/STM32F1xx_HAL_Driver/Src/stm32f1xx_hal_cortex.o
LOAD ./Drivers/STM32F1xx_HAL_Driver/Src/stm32f1xx_hal_dma.o
LOAD ./Drivers/STM32F1xx_HAL_Driver/Src/stm32f1xx_hal_exti.o
LOAD ./Drivers/STM32F1xx_HAL_Driver/Src/stm32f1xx_hal_flash.o
LOAD ./Drivers/STM32F1xx_HAL_Driver/Src/stm32f1xx_hal_flash_ex.o
LOAD ./Drivers/STM32F1xx_HAL_Driver/Src/stm32f1xx_hal_gpio.o
LOAD ./Drivers/STM32F1xx_HAL_Driver/Src/stm32f1xx_hal_gpio_ex.o
LOAD ./Drivers/STM32F1xx_HAL_Driver/Src/stm32f1xx_hal_pwr.o
LOAD ./Drivers/STM32F1xx_HAL_Driver/Src/stm32f1xx_hal_rcc.o
LOAD ./Drivers/STM32F1xx_HAL_Driver/Src/stm32f1xx_hal_rcc_ex.o
LOAD ./Drivers/STM32F1xx_HAL_Driver/Src/stm32f1xx_hal_tim.o
LOAD ./Drivers/STM32F1xx_HAL_Driver/Src/stm32f1xx_hal_tim_ex.o
START GROUP
LOAD c:/st/stm32cubeide_1.7.0/stm32cubeide/plugins/com.st.stm32cube.ide.mcu.externaltools.gnu-tools-for-stm32.9-2020-q2-update.win32_2.0.0.202105311346/tools/bin/../lib/gcc/arm-none-eabi/9.3.1/../../../../arm-none-eabi/lib/thumb/v7-m/nofp\libc_nano.a
LOAD c:/st/stm32cubeide_1.7.0/stm32cubeide/plugins/com.st.stm32cube.ide.mcu.externaltools.gnu-tools-for-stm32.9-2020-q2-update.win32_2.0.0.202105311346/tools/bin/../lib/gcc/arm-none-eabi/9.3.1/../../../../arm-none-eabi/lib/thumb/v7-m/nofp\libm.a
END GROUP
START GROUP
LOAD c:/st/stm32cubeide_1.7.0/stm32cubeide/plugins/com.st.stm32cube.ide.mcu.externaltools.gnu-tools-for-stm32.9-2020-q2-update.win32_2.0.0.202105311346/tools/bin/../lib/gcc/arm-none-eabi/9.3.1/thumb/v7-m/nofp\libgcc.a
LOAD c:/st/stm32cubeide_1.7.0/stm32cubeide/plugins/com.st.stm32cube.ide.mcu.externaltools.gnu-tools-for-stm32.9-2020-q2-update.win32_2.0.0.202105311346/tools/bin/../lib/gcc/arm-none-eabi/9.3.1/../../../../arm-none-eabi/lib/thumb/v7-m/nofp\libc_nano.a
END GROUP
START GROUP
LOAD c:/st/stm32cubeide_1.7.0/stm32cubeide/plugins/com.st.stm32cube.ide.mcu.externaltools.gnu-tools-for-stm32.9-2020-q2-update.win32_2.0.0.202105311346/tools/bin/../lib/gcc/arm-none-eabi/9.3.1/thumb/v7-m/nofp\libgcc.a
LOAD c:/st/stm32cubeide_1.7.0/stm32cubeide/plugins/com.st.stm32cube.ide.mcu.externaltools.gnu-tools-for-stm32.9-2020-q2-update.win32_2.0.0.202105311346/tools/bin/../lib/gcc/arm-none-eabi/9.3.1/../../../../arm-none-eabi/lib/thumb/v7-m/nofp\libc_nano.a
LOAD c:/st/stm32cubeide_1.7.0/stm32cubeide/plugins/com.st.stm32cube.ide.mcu.externaltools.gnu-tools-for-stm32.9-2020-q2-update.win32_2.0.0.202105311346/tools/bin/../lib/gcc/arm-none-eabi/9.3.1/../../../../arm-none-eabi/lib/thumb/v7-m/nofp\libnosys.a
END GROUP
START GROUP
LOAD c:/st/stm32cubeide_1.7.0/stm32cubeide/plugins/com.st.stm32cube.ide.mcu.externaltools.gnu-tools-for-stm32.9-2020-q2-update.win32_2.0.0.202105311346/tools/bin/../lib/gcc/arm-none-eabi/9.3.1/thumb/v7-m/nofp\libgcc.a
LOAD c:/st/stm32cubeide_1.7.0/stm32cubeide/plugins/com.st.stm32cube.ide.mcu.externaltools.gnu-tools-for-stm32.9-2020-q2-update.win32_2.0.0.202105311346/tools/bin/../lib/gcc/arm-none-eabi/9.3.1/../../../../arm-none-eabi/lib/thumb/v7-m/nofp\libc_nano.a
LOAD c:/st/stm32cubeide_1.7.0/stm32cubeide/plugins/com.st.stm32cube.ide.mcu.externaltools.gnu-tools-for-stm32.9-2020-q2-update.win32_2.0.0.202105311346/tools/bin/../lib/gcc/arm-none-eabi/9.3.1/../../../../arm-none-eabi/lib/thumb/v7-m/nofp\libnosys.a
END GROUP
LOAD c:/st/stm32cubeide_1.7.0/stm32cubeide/plugins/com.st.stm32cube.ide.mcu.externaltools.gnu-tools-for-stm32.9-2020-q2-update.win32_2.0.0.202105311346/tools/bin/../lib/gcc/arm-none-eabi/9.3.1/thumb/v7-m/nofp/crtend.o
LOAD c:/st/stm32cubeide_1.7.0/stm32cubeide/plugins/com.st.stm32cube.ide.mcu.externaltools.gnu-tools-for-stm32.9-2020-q2-update.win32_2.0.0.202105311346/tools/bin/../lib/gcc/arm-none-eabi/9.3.1/thumb/v7-m/nofp/crtn.o
                0x0000000020002800                _estack = (ORIGIN (RAM) + LENGTH (RAM))
                0x0000000000000200                _Min_Heap_Size = 0x200
                0x0000000000000400                _Min_Stack_Size = 0x400

.isr_vector     0x0000000008000000      0x10c
                0x0000000008000000                . = ALIGN (0x4)
 *(.isr_vector)
 .isr_vector    0x0000000008000000      0x10c ./Core/Startup/startup_stm32f103c6ux.o
                0x0000000008000000                g_pfnVectors
                0x000000000800010c                . = ALIGN (0x4)

.text           0x000000000800010c     0x2cc8
                0x000000000800010c                . = ALIGN (0x4)
 *(.text)
 .text          0x000000000800010c       0x40 c:/st/stm32cubeide_1.7.0/stm32cubeide/plugins/com.st.stm32cube.ide.mcu.externaltools.gnu-tools-for-stm32.9-2020-q2-update.win32_2.0.0.202105311346/tools/bin/../lib/gcc/arm-none-eabi/9.3.1/thumb/v7-m/nofp/crtbegin.o
 *(.text*)
 .text.fsm_ledBlinky_run
                0x000000000800014c       0x8c ./Core/Src/LedBlinky.o
                0x000000000800014c                fsm_ledBlinky_run
 .text.subKeyProcess
                0x00000000080001d8       0x18 ./Core/Src/button.o
                0x00000000080001d8                subKeyProcess
 .text.subKeyProcess2
                0x00000000080001f0       0x18 ./Core/Src/button.o
                0x00000000080001f0                subKeyProcess2
 .text.subKeyProcess3
                0x0000000008000208       0x18 ./Core/Src/button.o
                0x0000000008000208                subKeyProcess3
 .text.getKeyInput
                0x0000000008000220       0x9c ./Core/Src/button.o
                0x0000000008000220                getKeyInput
 .text.getKeyInput2
                0x00000000080002bc       0xb0 ./Core/Src/button.o
                0x00000000080002bc                getKeyInput2
 .text.getKeyInput3
                0x000000000800036c       0xb0 ./Core/Src/button.o
                0x000000000800036c                getKeyInput3
 .text.display7seg
                0x000000000800041c      0x320 ./Core/Src/display7seg.o
                0x000000000800041c                display7seg
 .text.fsm_automatic_run
                0x000000000800073c      0x380 ./Core/Src/fsm_automatic.o
                0x000000000800073c                fsm_automatic_run
 .text.fsm_longpress_run
                0x0000000008000abc      0x234 ./Core/Src/fsm_longpress.o
                0x0000000008000abc                fsm_longpress_run
 .text.fsm_manual_run
                0x0000000008000cf0      0x5e8 ./Core/Src/fsm_manual.o
                0x0000000008000cf0                fsm_manual_run
 .text.main     0x00000000080012d8       0x44 ./Core/Src/main.o
                0x00000000080012d8                main
 .text.SystemClock_Config
                0x000000000800131c       0x76 ./Core/Src/main.o
                0x000000000800131c                SystemClock_Config
 *fill*         0x0000000008001392        0x2 
 .text.MX_TIM2_Init
                0x0000000008001394       0x98 ./Core/Src/main.o
 .text.MX_GPIO_Init
                0x000000000800142c       0xdc ./Core/Src/main.o
 .text.HAL_TIM_PeriodElapsedCallback
                0x0000000008001508       0x20 ./Core/Src/main.o
                0x0000000008001508                HAL_TIM_PeriodElapsedCallback
 .text.Error_Handler
                0x0000000008001528        0xa ./Core/Src/main.o
                0x0000000008001528                Error_Handler
 *fill*         0x0000000008001532        0x2 
 .text.setTimer1
                0x0000000008001534       0x28 ./Core/Src/software_timer.o
                0x0000000008001534                setTimer1
 .text.setTimer2
                0x000000000800155c       0x28 ./Core/Src/software_timer.o
                0x000000000800155c                setTimer2
 .text.setTimer3
                0x0000000008001584       0x28 ./Core/Src/software_timer.o
                0x0000000008001584                setTimer3
 .text.timerRun
                0x00000000080015ac       0x84 ./Core/Src/software_timer.o
                0x00000000080015ac                timerRun
 .text.HAL_MspInit
                0x0000000008001630       0x64 ./Core/Src/stm32f1xx_hal_msp.o
                0x0000000008001630                HAL_MspInit
 .text.HAL_TIM_Base_MspInit
                0x0000000008001694       0x48 ./Core/Src/stm32f1xx_hal_msp.o
                0x0000000008001694                HAL_TIM_Base_MspInit
 .text.NMI_Handler
                0x00000000080016dc        0x6 ./Core/Src/stm32f1xx_it.o
                0x00000000080016dc                NMI_Handler
 .text.HardFault_Handler
                0x00000000080016e2        0x6 ./Core/Src/stm32f1xx_it.o
                0x00000000080016e2                HardFault_Handler
 .text.MemManage_Handler
                0x00000000080016e8        0x6 ./Core/Src/stm32f1xx_it.o
                0x00000000080016e8                MemManage_Handler
 .text.BusFault_Handler
                0x00000000080016ee        0x6 ./Core/Src/stm32f1xx_it.o
                0x00000000080016ee                BusFault_Handler
 .text.UsageFault_Handler
                0x00000000080016f4        0x6 ./Core/Src/stm32f1xx_it.o
                0x00000000080016f4                UsageFault_Handler
 .text.SVC_Handler
                0x00000000080016fa        0xc ./Core/Src/stm32f1xx_it.o
                0x00000000080016fa                SVC_Handler
 .text.DebugMon_Handler
                0x0000000008001706        0xc ./Core/Src/stm32f1xx_it.o
                0x0000000008001706                DebugMon_Handler
 .text.PendSV_Handler
                0x0000000008001712        0xc ./Core/Src/stm32f1xx_it.o
                0x0000000008001712                PendSV_Handler
 .text.SysTick_Handler
                0x000000000800171e        0xc ./Core/Src/stm32f1xx_it.o
                0x000000000800171e                SysTick_Handler
 *fill*         0x000000000800172a        0x2 
 .text.TIM2_IRQHandler
                0x000000000800172c       0x14 ./Core/Src/stm32f1xx_it.o
                0x000000000800172c                TIM2_IRQHandler
 .text.SystemInit
                0x0000000008001740        0xc ./Core/Src/system_stm32f1xx.o
                0x0000000008001740                SystemInit
 .text.Reset_Handler
                0x000000000800174c       0x48 ./Core/Startup/startup_stm32f103c6ux.o
                0x000000000800174c                Reset_Handler
 .text.Default_Handler
                0x0000000008001794        0x2 ./Core/Startup/startup_stm32f103c6ux.o
                0x0000000008001794                RTC_Alarm_IRQHandler
                0x0000000008001794                EXTI2_IRQHandler
                0x0000000008001794                TIM1_CC_IRQHandler
                0x0000000008001794                PVD_IRQHandler
                0x0000000008001794                EXTI3_IRQHandler
                0x0000000008001794                EXTI0_IRQHandler
                0x0000000008001794                ADC1_2_IRQHandler
                0x0000000008001794                SPI1_IRQHandler
                0x0000000008001794                TAMPER_IRQHandler
                0x0000000008001794                DMA1_Channel4_IRQHandler
                0x0000000008001794                RTC_IRQHandler
                0x0000000008001794                DMA1_Channel7_IRQHandler
                0x0000000008001794                CAN1_RX1_IRQHandler
                0x0000000008001794                I2C1_EV_IRQHandler
                0x0000000008001794                DMA1_Channel6_IRQHandler
                0x0000000008001794                TIM3_IRQHandler
                0x0000000008001794                RCC_IRQHandler
                0x0000000008001794                TIM1_TRG_COM_IRQHandler
                0x0000000008001794                DMA1_Channel1_IRQHandler
                0x0000000008001794                Default_Handler
                0x0000000008001794                EXTI15_10_IRQHandler
                0x0000000008001794                EXTI9_5_IRQHandler
                0x0000000008001794                DMA1_Channel5_IRQHandler
                0x0000000008001794                EXTI4_IRQHandler
                0x0000000008001794                USB_LP_CAN1_RX0_IRQHandler
                0x0000000008001794                USB_HP_CAN1_TX_IRQHandler
                0x0000000008001794                DMA1_Channel3_IRQHandler
                0x0000000008001794                TIM1_UP_IRQHandler
                0x0000000008001794                WWDG_IRQHandler
                0x0000000008001794                TIM1_BRK_IRQHandler
                0x0000000008001794                EXTI1_IRQHandler
                0x0000000008001794                USART2_IRQHandler
                0x0000000008001794                DMA1_Channel2_IRQHandler
                0x0000000008001794                CAN1_SCE_IRQHandler
                0x0000000008001794                FLASH_IRQHandler
                0x0000000008001794                USART1_IRQHandler
                0x0000000008001794                I2C1_ER_IRQHandler
                0x0000000008001794                USBWakeUp_IRQHandler
 *fill*         0x0000000008001796        0x2 
 .text.HAL_Init
                0x0000000008001798       0x2c ./Drivers/STM32F1xx_HAL_Driver/Src/stm32f1xx_hal.o
                0x0000000008001798                HAL_Init
 .text.HAL_InitTick
                0x00000000080017c4       0x60 ./Drivers/STM32F1xx_HAL_Driver/Src/stm32f1xx_hal.o
                0x00000000080017c4                HAL_InitTick
 .text.HAL_IncTick
                0x0000000008001824       0x24 ./Drivers/STM32F1xx_HAL_Driver/Src/stm32f1xx_hal.o
                0x0000000008001824                HAL_IncTick
 .text.HAL_GetTick
                0x0000000008001848       0x14 ./Drivers/STM32F1xx_HAL_Driver/Src/stm32f1xx_hal.o
                0x0000000008001848                HAL_GetTick
 .text.__NVIC_SetPriorityGrouping
                0x000000000800185c       0x48 ./Drivers/STM32F1xx_HAL_Driver/Src/stm32f1xx_hal_cortex.o
 .text.__NVIC_GetPriorityGrouping
                0x00000000080018a4       0x1c ./Drivers/STM32F1xx_HAL_Driver/Src/stm32f1xx_hal_cortex.o
 .text.__NVIC_EnableIRQ
                0x00000000080018c0       0x38 ./Drivers/STM32F1xx_HAL_Driver/Src/stm32f1xx_hal_cortex.o
 .text.__NVIC_SetPriority
                0x00000000080018f8       0x54 ./Drivers/STM32F1xx_HAL_Driver/Src/stm32f1xx_hal_cortex.o
 .text.NVIC_EncodePriority
                0x000000000800194c       0x64 ./Drivers/STM32F1xx_HAL_Driver/Src/stm32f1xx_hal_cortex.o
 .text.SysTick_Config
                0x00000000080019b0       0x44 ./Drivers/STM32F1xx_HAL_Driver/Src/stm32f1xx_hal_cortex.o
 .text.HAL_NVIC_SetPriorityGrouping
                0x00000000080019f4       0x16 ./Drivers/STM32F1xx_HAL_Driver/Src/stm32f1xx_hal_cortex.o
                0x00000000080019f4                HAL_NVIC_SetPriorityGrouping
 .text.HAL_NVIC_SetPriority
                0x0000000008001a0a       0x38 ./Drivers/STM32F1xx_HAL_Driver/Src/stm32f1xx_hal_cortex.o
                0x0000000008001a0a                HAL_NVIC_SetPriority
 .text.HAL_NVIC_EnableIRQ
                0x0000000008001a42       0x1c ./Drivers/STM32F1xx_HAL_Driver/Src/stm32f1xx_hal_cortex.o
                0x0000000008001a42                HAL_NVIC_EnableIRQ
 .text.HAL_SYSTICK_Config
                0x0000000008001a5e       0x18 ./Drivers/STM32F1xx_HAL_Driver/Src/stm32f1xx_hal_cortex.o
                0x0000000008001a5e                HAL_SYSTICK_Config
 *fill*         0x0000000008001a76        0x2 
 .text.HAL_GPIO_Init
                0x0000000008001a78      0x2f4 ./Drivers/STM32F1xx_HAL_Driver/Src/stm32f1xx_hal_gpio.o
                0x0000000008001a78                HAL_GPIO_Init
 .text.HAL_GPIO_ReadPin
                0x0000000008001d6c       0x2e ./Drivers/STM32F1xx_HAL_Driver/Src/stm32f1xx_hal_gpio.o
                0x0000000008001d6c                HAL_GPIO_ReadPin
 .text.HAL_GPIO_WritePin
                0x0000000008001d9a       0x30 ./Drivers/STM32F1xx_HAL_Driver/Src/stm32f1xx_hal_gpio.o
                0x0000000008001d9a                HAL_GPIO_WritePin
 *fill*         0x0000000008001dca        0x2 
 .text.HAL_RCC_OscConfig
                0x0000000008001dcc      0x500 ./Drivers/STM32F1xx_HAL_Driver/Src/stm32f1xx_hal_rcc.o
                0x0000000008001dcc                HAL_RCC_OscConfig
 .text.HAL_RCC_ClockConfig
                0x00000000080022cc      0x1d4 ./Drivers/STM32F1xx_HAL_Driver/Src/stm32f1xx_hal_rcc.o
                0x00000000080022cc                HAL_RCC_ClockConfig
 .text.HAL_RCC_GetSysClockFreq
                0x00000000080024a0       0xc0 ./Drivers/STM32F1xx_HAL_Driver/Src/stm32f1xx_hal_rcc.o
                0x00000000080024a0                HAL_RCC_GetSysClockFreq
 .text.RCC_Delay
                0x0000000008002560       0x3c ./Drivers/STM32F1xx_HAL_Driver/Src/stm32f1xx_hal_rcc.o
 .text.HAL_TIM_Base_Init
                0x000000000800259c       0x9e ./Drivers/STM32F1xx_HAL_Driver/Src/stm32f1xx_hal_tim.o
                0x000000000800259c                HAL_TIM_Base_Init
 *fill*         0x000000000800263a        0x2 
 .text.HAL_TIM_Base_Start_IT
                0x000000000800263c       0x98 ./Drivers/STM32F1xx_HAL_Driver/Src/stm32f1xx_hal_tim.o
                0x000000000800263c                HAL_TIM_Base_Start_IT
 .text.HAL_TIM_IRQHandler
                0x00000000080026d4      0x210 ./Drivers/STM32F1xx_HAL_Driver/Src/stm32f1xx_hal_tim.o
                0x00000000080026d4                HAL_TIM_IRQHandler
 .text.HAL_TIM_ConfigClockSource
                0x00000000080028e4      0x188 ./Drivers/STM32F1xx_HAL_Driver/Src/stm32f1xx_hal_tim.o
                0x00000000080028e4                HAL_TIM_ConfigClockSource
 .text.HAL_TIM_OC_DelayElapsedCallback
                0x0000000008002a6c       0x12 ./Drivers/STM32F1xx_HAL_Driver/Src/stm32f1xx_hal_tim.o
                0x0000000008002a6c                HAL_TIM_OC_DelayElapsedCallback
 .text.HAL_TIM_IC_CaptureCallback
                0x0000000008002a7e       0x12 ./Drivers/STM32F1xx_HAL_Driver/Src/stm32f1xx_hal_tim.o
                0x0000000008002a7e                HAL_TIM_IC_CaptureCallback
 .text.HAL_TIM_PWM_PulseFinishedCallback
                0x0000000008002a90       0x12 ./Drivers/STM32F1xx_HAL_Driver/Src/stm32f1xx_hal_tim.o
                0x0000000008002a90                HAL_TIM_PWM_PulseFinishedCallback
 .text.HAL_TIM_TriggerCallback
                0x0000000008002aa2       0x12 ./Drivers/STM32F1xx_HAL_Driver/Src/stm32f1xx_hal_tim.o
                0x0000000008002aa2                HAL_TIM_TriggerCallback
 .text.TIM_Base_SetConfig
                0x0000000008002ab4       0xb0 ./Drivers/STM32F1xx_HAL_Driver/Src/stm32f1xx_hal_tim.o
                0x0000000008002ab4                TIM_Base_SetConfig
 .text.TIM_TI1_ConfigInputStage
                0x0000000008002b64       0x5c ./Drivers/STM32F1xx_HAL_Driver/Src/stm32f1xx_hal_tim.o
 .text.TIM_TI2_ConfigInputStage
                0x0000000008002bc0       0x5e ./Drivers/STM32F1xx_HAL_Driver/Src/stm32f1xx_hal_tim.o
 .text.TIM_ITRx_SetConfig
                0x0000000008002c1e       0x34 ./Drivers/STM32F1xx_HAL_Driver/Src/stm32f1xx_hal_tim.o
 .text.TIM_ETR_SetConfig
                0x0000000008002c52       0x3e ./Drivers/STM32F1xx_HAL_Driver/Src/stm32f1xx_hal_tim.o
                0x0000000008002c52                TIM_ETR_SetConfig
 .text.HAL_TIMEx_MasterConfigSynchronization
                0x0000000008002c90       0xb0 ./Drivers/STM32F1xx_HAL_Driver/Src/stm32f1xx_hal_tim_ex.o
                0x0000000008002c90                HAL_TIMEx_MasterConfigSynchronization
 .text.HAL_TIMEx_CommutCallback
                0x0000000008002d40       0x12 ./Drivers/STM32F1xx_HAL_Driver/Src/stm32f1xx_hal_tim_ex.o
                0x0000000008002d40                HAL_TIMEx_CommutCallback
 .text.HAL_TIMEx_BreakCallback
                0x0000000008002d52       0x12 ./Drivers/STM32F1xx_HAL_Driver/Src/stm32f1xx_hal_tim_ex.o
                0x0000000008002d52                HAL_TIMEx_BreakCallback
 .text.__libc_init_array
                0x0000000008002d64       0x48 c:/st/stm32cubeide_1.7.0/stm32cubeide/plugins/com.st.stm32cube.ide.mcu.externaltools.gnu-tools-for-stm32.9-2020-q2-update.win32_2.0.0.202105311346/tools/bin/../lib/gcc/arm-none-eabi/9.3.1/../../../../arm-none-eabi/lib/thumb/v7-m/nofp\libc_nano.a(lib_a-init.o)
                0x0000000008002d64                __libc_init_array
 .text.memset   0x0000000008002dac       0x10 c:/st/stm32cubeide_1.7.0/stm32cubeide/plugins/com.st.stm32cube.ide.mcu.externaltools.gnu-tools-for-stm32.9-2020-q2-update.win32_2.0.0.202105311346/tools/bin/../lib/gcc/arm-none-eabi/9.3.1/../../../../arm-none-eabi/lib/thumb/v7-m/nofp\libc_nano.a(lib_a-memset.o)
                0x0000000008002dac                memset
 *(.glue_7)
 .glue_7        0x0000000008002dbc        0x0 linker stubs
 *(.glue_7t)
 .glue_7t       0x0000000008002dbc        0x0 linker stubs
 *(.eh_frame)
 .eh_frame      0x0000000008002dbc        0x0 c:/st/stm32cubeide_1.7.0/stm32cubeide/plugins/com.st.stm32cube.ide.mcu.externaltools.gnu-tools-for-stm32.9-2020-q2-update.win32_2.0.0.202105311346/tools/bin/../lib/gcc/arm-none-eabi/9.3.1/thumb/v7-m/nofp/crtbegin.o
 *(.init)
 .init          0x0000000008002dbc        0x4 c:/st/stm32cubeide_1.7.0/stm32cubeide/plugins/com.st.stm32cube.ide.mcu.externaltools.gnu-tools-for-stm32.9-2020-q2-update.win32_2.0.0.202105311346/tools/bin/../lib/gcc/arm-none-eabi/9.3.1/thumb/v7-m/nofp/crti.o
                0x0000000008002dbc                _init
 .init          0x0000000008002dc0        0x8 c:/st/stm32cubeide_1.7.0/stm32cubeide/plugins/com.st.stm32cube.ide.mcu.externaltools.gnu-tools-for-stm32.9-2020-q2-update.win32_2.0.0.202105311346/tools/bin/../lib/gcc/arm-none-eabi/9.3.1/thumb/v7-m/nofp/crtn.o
 *(.fini)
 .fini          0x0000000008002dc8        0x4 c:/st/stm32cubeide_1.7.0/stm32cubeide/plugins/com.st.stm32cube.ide.mcu.externaltools.gnu-tools-for-stm32.9-2020-q2-update.win32_2.0.0.202105311346/tools/bin/../lib/gcc/arm-none-eabi/9.3.1/thumb/v7-m/nofp/crti.o
                0x0000000008002dc8                _fini
 .fini          0x0000000008002dcc        0x8 c:/st/stm32cubeide_1.7.0/stm32cubeide/plugins/com.st.stm32cube.ide.mcu.externaltools.gnu-tools-for-stm32.9-2020-q2-update.win32_2.0.0.202105311346/tools/bin/../lib/gcc/arm-none-eabi/9.3.1/thumb/v7-m/nofp/crtn.o
                0x0000000008002dd4                . = ALIGN (0x4)
                0x0000000008002dd4                _etext = .

.vfp11_veneer   0x0000000008002dd4        0x0
 .vfp11_veneer  0x0000000008002dd4        0x0 linker stubs

.v4_bx          0x0000000008002dd4        0x0
 .v4_bx         0x0000000008002dd4        0x0 linker stubs

.iplt           0x0000000008002dd4        0x0
 .iplt          0x0000000008002dd4        0x0 c:/st/stm32cubeide_1.7.0/stm32cubeide/plugins/com.st.stm32cube.ide.mcu.externaltools.gnu-tools-for-stm32.9-2020-q2-update.win32_2.0.0.202105311346/tools/bin/../lib/gcc/arm-none-eabi/9.3.1/thumb/v7-m/nofp/crtbegin.o

.rodata         0x0000000008002dd4       0x20
                0x0000000008002dd4                . = ALIGN (0x4)
 *(.rodata)
 .rodata        0x0000000008002dd4       0x10 ./Drivers/STM32F1xx_HAL_Driver/Src/stm32f1xx_hal_rcc.o
 *(.rodata*)
 .rodata.AHBPrescTable
                0x0000000008002de4       0x10 ./Core/Src/system_stm32f1xx.o
                0x0000000008002de4                AHBPrescTable
                0x0000000008002df4                . = ALIGN (0x4)

.rel.dyn        0x0000000008002df4        0x0
 .rel.iplt      0x0000000008002df4        0x0 c:/st/stm32cubeide_1.7.0/stm32cubeide/plugins/com.st.stm32cube.ide.mcu.externaltools.gnu-tools-for-stm32.9-2020-q2-update.win32_2.0.0.202105311346/tools/bin/../lib/gcc/arm-none-eabi/9.3.1/thumb/v7-m/nofp/crtbegin.o

.ARM.extab      0x0000000008002df4        0x0
                0x0000000008002df4                . = ALIGN (0x4)
 *(.ARM.extab* .gnu.linkonce.armextab.*)
                0x0000000008002df4                . = ALIGN (0x4)

.ARM            0x0000000008002df4        0x0
                0x0000000008002df4                . = ALIGN (0x4)
                0x0000000008002df4                __exidx_start = .
 *(.ARM.exidx*)
                0x0000000008002df4                __exidx_end = .
                0x0000000008002df4                . = ALIGN (0x4)

.preinit_array  0x0000000008002df4        0x0
                0x0000000008002df4                . = ALIGN (0x4)
                0x0000000008002df4                PROVIDE (__preinit_array_start = .)
 *(.preinit_array*)
                0x0000000008002df4                PROVIDE (__preinit_array_end = .)
                0x0000000008002df4                . = ALIGN (0x4)

.init_array     0x0000000008002df4        0x4
                0x0000000008002df4                . = ALIGN (0x4)
                0x0000000008002df4                PROVIDE (__init_array_start = .)
 *(SORT_BY_NAME(.init_array.*))
 *(.init_array*)
 .init_array    0x0000000008002df4        0x4 c:/st/stm32cubeide_1.7.0/stm32cubeide/plugins/com.st.stm32cube.ide.mcu.externaltools.gnu-tools-for-stm32.9-2020-q2-update.win32_2.0.0.202105311346/tools/bin/../lib/gcc/arm-none-eabi/9.3.1/thumb/v7-m/nofp/crtbegin.o
                0x0000000008002df8                PROVIDE (__init_array_end = .)
                0x0000000008002df8                . = ALIGN (0x4)

.fini_array     0x0000000008002df8        0x4
                0x0000000008002df8                . = ALIGN (0x4)
                [!provide]                        PROVIDE (__fini_array_start = .)
 *(SORT_BY_NAME(.fini_array.*))
 *(.fini_array*)
 .fini_array    0x0000000008002df8        0x4 c:/st/stm32cubeide_1.7.0/stm32cubeide/plugins/com.st.stm32cube.ide.mcu.externaltools.gnu-tools-for-stm32.9-2020-q2-update.win32_2.0.0.202105311346/tools/bin/../lib/gcc/arm-none-eabi/9.3.1/thumb/v7-m/nofp/crtbegin.o
                [!provide]                        PROVIDE (__fini_array_end = .)
                0x0000000008002dfc                . = ALIGN (0x4)
                0x0000000008002dfc                _sidata = LOADADDR (.data)

.data           0x0000000020000000       0x40 load address 0x0000000008002dfc
                0x0000000020000000                . = ALIGN (0x4)
                0x0000000020000000                _sdata = .
 *(.data)
 *(.data*)
 .data.KeyReg0  0x0000000020000000        0x4 ./Core/Src/button.o
                0x0000000020000000                KeyReg0
 .data.KeyReg1  0x0000000020000004        0x4 ./Core/Src/button.o
                0x0000000020000004                KeyReg1
 .data.KeyReg2  0x0000000020000008        0x4 ./Core/Src/button.o
                0x0000000020000008                KeyReg2
 .data.KeyReg3  0x000000002000000c        0x4 ./Core/Src/button.o
                0x000000002000000c                KeyReg3
 .data.Key2Reg0
                0x0000000020000010        0x4 ./Core/Src/button.o
                0x0000000020000010                Key2Reg0
 .data.Key2Reg1
                0x0000000020000014        0x4 ./Core/Src/button.o
                0x0000000020000014                Key2Reg1
 .data.Key2Reg2
                0x0000000020000018        0x4 ./Core/Src/button.o
                0x0000000020000018                Key2Reg2
 .data.Key2Reg3
                0x000000002000001c        0x4 ./Core/Src/button.o
                0x000000002000001c                Key2Reg3
 .data.Key3Reg0
                0x0000000020000020        0x4 ./Core/Src/button.o
                0x0000000020000020                Key3Reg0
 .data.Key3Reg1
                0x0000000020000024        0x4 ./Core/Src/button.o
                0x0000000020000024                Key3Reg1
 .data.Key3Reg2
                0x0000000020000028        0x4 ./Core/Src/button.o
                0x0000000020000028                Key3Reg2
 .data.Key3Reg3
                0x000000002000002c        0x4 ./Core/Src/button.o
                0x000000002000002c                Key3Reg3
 .data.TimeOutForKeyPress
                0x0000000020000030        0x4 ./Core/Src/button.o
                0x0000000020000030                TimeOutForKeyPress
 .data.SystemCoreClock
                0x0000000020000034        0x4 ./Core/Src/system_stm32f1xx.o
                0x0000000020000034                SystemCoreClock
 .data.uwTickPrio
                0x0000000020000038        0x4 ./Drivers/STM32F1xx_HAL_Driver/Src/stm32f1xx_hal.o
                0x0000000020000038                uwTickPrio
 .data.uwTickFreq
                0x000000002000003c        0x1 ./Drivers/STM32F1xx_HAL_Driver/Src/stm32f1xx_hal.o
                0x000000002000003c                uwTickFreq
 *(.RamFunc)
 *(.RamFunc*)
                0x0000000020000040                . = ALIGN (0x4)
 *fill*         0x000000002000003d        0x3 
                0x0000000020000040                _edata = .

.igot.plt       0x0000000020000040        0x0 load address 0x0000000008002e3c
 .igot.plt      0x0000000020000040        0x0 c:/st/stm32cubeide_1.7.0/stm32cubeide/plugins/com.st.stm32cube.ide.mcu.externaltools.gnu-tools-for-stm32.9-2020-q2-update.win32_2.0.0.202105311346/tools/bin/../lib/gcc/arm-none-eabi/9.3.1/thumb/v7-m/nofp/crtbegin.o
                0x0000000020000040                . = ALIGN (0x4)

.bss            0x0000000020000040       0x9c load address 0x0000000008002e3c
                0x0000000020000040                _sbss = .
                0x0000000020000040                __bss_start__ = _sbss
 *(.bss)
 .bss           0x0000000020000040       0x1c c:/st/stm32cubeide_1.7.0/stm32cubeide/plugins/com.st.stm32cube.ide.mcu.externaltools.gnu-tools-for-stm32.9-2020-q2-update.win32_2.0.0.202105311346/tools/bin/../lib/gcc/arm-none-eabi/9.3.1/thumb/v7-m/nofp/crtbegin.o
 *(.bss*)
 .bss.button1_flag
                0x000000002000005c        0x4 ./Core/Src/button.o
                0x000000002000005c                button1_flag
 .bss.button2_flag
                0x0000000020000060        0x4 ./Core/Src/button.o
                0x0000000020000060                button2_flag
 .bss.button3_flag
                0x0000000020000064        0x4 ./Core/Src/button.o
                0x0000000020000064                button3_flag
 .bss.button2_flag2
                0x0000000020000068        0x4 ./Core/Src/button.o
                0x0000000020000068                button2_flag2
 .bss.button3_flag2
                0x000000002000006c        0x4 ./Core/Src/button.o
                0x000000002000006c                button3_flag2
 .bss.status    0x0000000020000070        0x4 ./Core/Src/global.o
                0x0000000020000070                status
 .bss.ledstatus
                0x0000000020000074        0x4 ./Core/Src/global.o
                0x0000000020000074                ledstatus
 .bss.timer_counter1
                0x0000000020000078        0x4 ./Core/Src/software_timer.o
                0x0000000020000078                timer_counter1
 .bss.timer_counter2
                0x000000002000007c        0x4 ./Core/Src/software_timer.o
                0x000000002000007c                timer_counter2
 .bss.timer_counter3
                0x0000000020000080        0x4 ./Core/Src/software_timer.o
                0x0000000020000080                timer_counter3
 .bss.timer_flag1
                0x0000000020000084        0x4 ./Core/Src/software_timer.o
                0x0000000020000084                timer_flag1
 .bss.timer_flag2
                0x0000000020000088        0x4 ./Core/Src/software_timer.o
                0x0000000020000088                timer_flag2
 .bss.timer_flag3
                0x000000002000008c        0x4 ./Core/Src/software_timer.o
                0x000000002000008c                timer_flag3
 *(COMMON)
 COMMON         0x0000000020000090       0x48 ./Core/Src/main.o
                0x0000000020000090                htim2
 COMMON         0x00000000200000d8        0x4 ./Drivers/STM32F1xx_HAL_Driver/Src/stm32f1xx_hal.o
                0x00000000200000d8                uwTick
                0x00000000200000dc                . = ALIGN (0x4)
                0x00000000200000dc                _ebss = .
                0x00000000200000dc                __bss_end__ = _ebss

._user_heap_stack
                0x00000000200000dc      0x604 load address 0x0000000008002e3c
                0x00000000200000e0                . = ALIGN (0x8)
 *fill*         0x00000000200000dc        0x4 
                [!provide]                        PROVIDE (end = .)
                0x00000000200000e0                PROVIDE (_end = .)
                0x00000000200002e0                . = (. + _Min_Heap_Size)
 *fill*         0x00000000200000e0      0x200 
                0x00000000200006e0                . = (. + _Min_Stack_Size)
 *fill*         0x00000000200002e0      0x400 
                0x00000000200006e0                . = ALIGN (0x8)

/DISCARD/
 libc.a(*)
 libm.a(*)
 libgcc.a(*)

.ARM.attributes
                0x0000000000000000       0x29
 *(.ARM.attributes)
 .ARM.attributes
                0x0000000000000000       0x1d c:/st/stm32cubeide_1.7.0/stm32cubeide/plugins/com.st.stm32cube.ide.mcu.externaltools.gnu-tools-for-stm32.9-2020-q2-update.win32_2.0.0.202105311346/tools/bin/../lib/gcc/arm-none-eabi/9.3.1/thumb/v7-m/nofp/crti.o
 .ARM.attributes
                0x000000000000001d       0x2d c:/st/stm32cubeide_1.7.0/stm32cubeide/plugins/com.st.stm32cube.ide.mcu.externaltools.gnu-tools-for-stm32.9-2020-q2-update.win32_2.0.0.202105311346/tools/bin/../lib/gcc/arm-none-eabi/9.3.1/thumb/v7-m/nofp/crtbegin.o
 .ARM.attributes
                0x000000000000004a       0x2d ./Core/Src/LedBlinky.o
 .ARM.attributes
                0x0000000000000077       0x2d ./Core/Src/button.o
 .ARM.attributes
                0x00000000000000a4       0x2d ./Core/Src/display7seg.o
 .ARM.attributes
                0x00000000000000d1       0x2d ./Core/Src/fsm_automatic.o
 .ARM.attributes
                0x00000000000000fe       0x2d ./Core/Src/fsm_longpress.o
 .ARM.attributes
                0x000000000000012b       0x2d ./Core/Src/fsm_manual.o
 .ARM.attributes
                0x0000000000000158       0x33 ./Core/Src/global.o
 .ARM.attributes
                0x000000000000018b       0x2d ./Core/Src/main.o
 .ARM.attributes
                0x00000000000001b8       0x2d ./Core/Src/software_timer.o
 .ARM.attributes
                0x00000000000001e5       0x2d ./Core/Src/stm32f1xx_hal_msp.o
 .ARM.attributes
                0x0000000000000212       0x2d ./Core/Src/stm32f1xx_it.o
 .ARM.attributes
                0x000000000000023f       0x2d ./Core/Src/system_stm32f1xx.o
 .ARM.attributes
                0x000000000000026c       0x21 ./Core/Startup/startup_stm32f103c6ux.o
 .ARM.attributes
                0x000000000000028d       0x2d ./Drivers/STM32F1xx_HAL_Driver/Src/stm32f1xx_hal.o
 .ARM.attributes
                0x00000000000002ba       0x2d ./Drivers/STM32F1xx_HAL_Driver/Src/stm32f1xx_hal_cortex.o
 .ARM.attributes
                0x00000000000002e7       0x2d ./Drivers/STM32F1xx_HAL_Driver/Src/stm32f1xx_hal_gpio.o
 .ARM.attributes
                0x0000000000000314       0x2d ./Drivers/STM32F1xx_HAL_Driver/Src/stm32f1xx_hal_rcc.o
 .ARM.attributes
                0x0000000000000341       0x2d ./Drivers/STM32F1xx_HAL_Driver/Src/stm32f1xx_hal_tim.o
 .ARM.attributes
                0x000000000000036e       0x2d ./Drivers/STM32F1xx_HAL_Driver/Src/stm32f1xx_hal_tim_ex.o
 .ARM.attributes
                0x000000000000039b       0x2d c:/st/stm32cubeide_1.7.0/stm32cubeide/plugins/com.st.stm32cube.ide.mcu.externaltools.gnu-tools-for-stm32.9-2020-q2-update.win32_2.0.0.202105311346/tools/bin/../lib/gcc/arm-none-eabi/9.3.1/../../../../arm-none-eabi/lib/thumb/v7-m/nofp\libc_nano.a(lib_a-init.o)
 .ARM.attributes
                0x00000000000003c8       0x2d c:/st/stm32cubeide_1.7.0/stm32cubeide/plugins/com.st.stm32cube.ide.mcu.externaltools.gnu-tools-for-stm32.9-2020-q2-update.win32_2.0.0.202105311346/tools/bin/../lib/gcc/arm-none-eabi/9.3.1/../../../../arm-none-eabi/lib/thumb/v7-m/nofp\libc_nano.a(lib_a-memset.o)
 .ARM.attributes
                0x00000000000003f5       0x1d c:/st/stm32cubeide_1.7.0/stm32cubeide/plugins/com.st.stm32cube.ide.mcu.externaltools.gnu-tools-for-stm32.9-2020-q2-update.win32_2.0.0.202105311346/tools/bin/../lib/gcc/arm-none-eabi/9.3.1/thumb/v7-m/nofp/crtn.o
OUTPUT(BUTTON.elf elf32-littlearm)
LOAD linker stubs
LOAD c:/st/stm32cubeide_1.7.0/stm32cubeide/plugins/com.st.stm32cube.ide.mcu.externaltools.gnu-tools-for-stm32.9-2020-q2-update.win32_2.0.0.202105311346/tools/bin/../lib/gcc/arm-none-eabi/9.3.1/../../../../arm-none-eabi/lib/thumb/v7-m/nofp\libc.a
LOAD c:/st/stm32cubeide_1.7.0/stm32cubeide/plugins/com.st.stm32cube.ide.mcu.externaltools.gnu-tools-for-stm32.9-2020-q2-update.win32_2.0.0.202105311346/tools/bin/../lib/gcc/arm-none-eabi/9.3.1/../../../../arm-none-eabi/lib/thumb/v7-m/nofp\libm.a
LOAD c:/st/stm32cubeide_1.7.0/stm32cubeide/plugins/com.st.stm32cube.ide.mcu.externaltools.gnu-tools-for-stm32.9-2020-q2-update.win32_2.0.0.202105311346/tools/bin/../lib/gcc/arm-none-eabi/9.3.1/thumb/v7-m/nofp\libgcc.a

.debug_info     0x0000000000000000     0x94d6
 .debug_info    0x0000000000000000      0x2b7 ./Core/Src/LedBlinky.o
 .debug_info    0x00000000000002b7      0x405 ./Core/Src/button.o
 .debug_info    0x00000000000006bc      0x24f ./Core/Src/display7seg.o
 .debug_info    0x000000000000090b      0x20a ./Core/Src/fsm_automatic.o
 .debug_info    0x0000000000000b15      0x20a ./Core/Src/fsm_longpress.o
 .debug_info    0x0000000000000d1f      0x20a ./Core/Src/fsm_manual.o
 .debug_info    0x0000000000000f29      0x20c ./Core/Src/global.o
 .debug_info    0x0000000000001135      0xc24 ./Core/Src/main.o
 .debug_info    0x0000000000001d59      0x132 ./Core/Src/software_timer.o
 .debug_info    0x0000000000001e8b      0xa04 ./Core/Src/stm32f1xx_hal_msp.o
 .debug_info    0x000000000000288f      0x7b4 ./Core/Src/stm32f1xx_it.o
 .debug_info    0x0000000000003043      0x2be ./Core/Src/system_stm32f1xx.o
 .debug_info    0x0000000000003301       0x22 ./Core/Startup/startup_stm32f103c6ux.o
 .debug_info    0x0000000000003323      0x74c ./Drivers/STM32F1xx_HAL_Driver/Src/stm32f1xx_hal.o
 .debug_info    0x0000000000003a6f      0xbbe ./Drivers/STM32F1xx_HAL_Driver/Src/stm32f1xx_hal_cortex.o
 .debug_info    0x000000000000462d      0x701 ./Drivers/STM32F1xx_HAL_Driver/Src/stm32f1xx_hal_gpio.o
 .debug_info    0x0000000000004d2e      0x88e ./Drivers/STM32F1xx_HAL_Driver/Src/stm32f1xx_hal_rcc.o
 .debug_info    0x00000000000055bc     0x2a45 ./Drivers/STM32F1xx_HAL_Driver/Src/stm32f1xx_hal_tim.o
 .debug_info    0x0000000000008001     0x14d5 ./Drivers/STM32F1xx_HAL_Driver/Src/stm32f1xx_hal_tim_ex.o

.debug_abbrev   0x0000000000000000     0x1b86
 .debug_abbrev  0x0000000000000000       0xf6 ./Core/Src/LedBlinky.o
 .debug_abbrev  0x00000000000000f6      0x130 ./Core/Src/button.o
 .debug_abbrev  0x0000000000000226      0x109 ./Core/Src/display7seg.o
 .debug_abbrev  0x000000000000032f       0xb6 ./Core/Src/fsm_automatic.o
 .debug_abbrev  0x00000000000003e5       0xb6 ./Core/Src/fsm_longpress.o
 .debug_abbrev  0x000000000000049b       0xb6 ./Core/Src/fsm_manual.o
 .debug_abbrev  0x0000000000000551       0xa9 ./Core/Src/global.o
 .debug_abbrev  0x00000000000005fa      0x22c ./Core/Src/main.o
 .debug_abbrev  0x0000000000000826       0xb4 ./Core/Src/software_timer.o
 .debug_abbrev  0x00000000000008da      0x1b7 ./Core/Src/stm32f1xx_hal_msp.o
 .debug_abbrev  0x0000000000000a91      0x176 ./Core/Src/stm32f1xx_it.o
 .debug_abbrev  0x0000000000000c07      0x14e ./Core/Src/system_stm32f1xx.o
 .debug_abbrev  0x0000000000000d55       0x12 ./Core/Startup/startup_stm32f103c6ux.o
 .debug_abbrev  0x0000000000000d67      0x1ed ./Drivers/STM32F1xx_HAL_Driver/Src/stm32f1xx_hal.o
 .debug_abbrev  0x0000000000000f54      0x313 ./Drivers/STM32F1xx_HAL_Driver/Src/stm32f1xx_hal_cortex.o
 .debug_abbrev  0x0000000000001267      0x1e8 ./Drivers/STM32F1xx_HAL_Driver/Src/stm32f1xx_hal_gpio.o
 .debug_abbrev  0x000000000000144f      0x273 ./Drivers/STM32F1xx_HAL_Driver/Src/stm32f1xx_hal_rcc.o
 .debug_abbrev  0x00000000000016c2      0x25e ./Drivers/STM32F1xx_HAL_Driver/Src/stm32f1xx_hal_tim.o
 .debug_abbrev  0x0000000000001920      0x266 ./Drivers/STM32F1xx_HAL_Driver/Src/stm32f1xx_hal_tim_ex.o

.debug_aranges  0x0000000000000000      0xa68
 .debug_aranges
                0x0000000000000000       0x20 ./Core/Src/LedBlinky.o
 .debug_aranges
                0x0000000000000020       0x48 ./Core/Src/button.o
 .debug_aranges
                0x0000000000000068       0x20 ./Core/Src/display7seg.o
 .debug_aranges
                0x0000000000000088       0x20 ./Core/Src/fsm_automatic.o
 .debug_aranges
                0x00000000000000a8       0x20 ./Core/Src/fsm_longpress.o
 .debug_aranges
                0x00000000000000c8       0x20 ./Core/Src/fsm_manual.o
 .debug_aranges
                0x00000000000000e8       0x18 ./Core/Src/global.o
 .debug_aranges
                0x0000000000000100       0x48 ./Core/Src/main.o
 .debug_aranges
                0x0000000000000148       0x38 ./Core/Src/software_timer.o
 .debug_aranges
                0x0000000000000180       0x30 ./Core/Src/stm32f1xx_hal_msp.o
 .debug_aranges
                0x00000000000001b0       0x68 ./Core/Src/stm32f1xx_it.o
 .debug_aranges
                0x0000000000000218       0x28 ./Core/Src/system_stm32f1xx.o
 .debug_aranges
                0x0000000000000240       0x28 ./Core/Startup/startup_stm32f103c6ux.o
 .debug_aranges
                0x0000000000000268       0xe0 ./Drivers/STM32F1xx_HAL_Driver/Src/stm32f1xx_hal.o
 .debug_aranges
                0x0000000000000348      0x100 ./Drivers/STM32F1xx_HAL_Driver/Src/stm32f1xx_hal_cortex.o
 .debug_aranges
                0x0000000000000448       0x58 ./Drivers/STM32F1xx_HAL_Driver/Src/stm32f1xx_hal_gpio.o
 .debug_aranges
                0x00000000000004a0       0x90 ./Drivers/STM32F1xx_HAL_Driver/Src/stm32f1xx_hal_rcc.o
 .debug_aranges
                0x0000000000000530      0x3d0 ./Drivers/STM32F1xx_HAL_Driver/Src/stm32f1xx_hal_tim.o
 .debug_aranges
                0x0000000000000900      0x168 ./Drivers/STM32F1xx_HAL_Driver/Src/stm32f1xx_hal_tim_ex.o

.debug_ranges   0x0000000000000000      0x938
 .debug_ranges  0x0000000000000000       0x10 ./Core/Src/LedBlinky.o
 .debug_ranges  0x0000000000000010       0x38 ./Core/Src/button.o
 .debug_ranges  0x0000000000000048       0x10 ./Core/Src/display7seg.o
 .debug_ranges  0x0000000000000058       0x10 ./Core/Src/fsm_automatic.o
 .debug_ranges  0x0000000000000068       0x10 ./Core/Src/fsm_longpress.o
 .debug_ranges  0x0000000000000078       0x10 ./Core/Src/fsm_manual.o
 .debug_ranges  0x0000000000000088       0x38 ./Core/Src/main.o
 .debug_ranges  0x00000000000000c0       0x28 ./Core/Src/software_timer.o
 .debug_ranges  0x00000000000000e8       0x20 ./Core/Src/stm32f1xx_hal_msp.o
 .debug_ranges  0x0000000000000108       0x58 ./Core/Src/stm32f1xx_it.o
 .debug_ranges  0x0000000000000160       0x18 ./Core/Src/system_stm32f1xx.o
 .debug_ranges  0x0000000000000178       0x20 ./Core/Startup/startup_stm32f103c6ux.o
 .debug_ranges  0x0000000000000198       0xd0 ./Drivers/STM32F1xx_HAL_Driver/Src/stm32f1xx_hal.o
 .debug_ranges  0x0000000000000268       0xf0 ./Drivers/STM32F1xx_HAL_Driver/Src/stm32f1xx_hal_cortex.o
 .debug_ranges  0x0000000000000358       0x48 ./Drivers/STM32F1xx_HAL_Driver/Src/stm32f1xx_hal_gpio.o
 .debug_ranges  0x00000000000003a0       0x80 ./Drivers/STM32F1xx_HAL_Driver/Src/stm32f1xx_hal_rcc.o
 .debug_ranges  0x0000000000000420      0x3c0 ./Drivers/STM32F1xx_HAL_Driver/Src/stm32f1xx_hal_tim.o
 .debug_ranges  0x00000000000007e0      0x158 ./Drivers/STM32F1xx_HAL_Driver/Src/stm32f1xx_hal_tim_ex.o

.debug_macro    0x0000000000000000    0x16fb9
 .debug_macro   0x0000000000000000      0x1d4 ./Core/Src/LedBlinky.o
 .debug_macro   0x00000000000001d4      0xa9c ./Core/Src/LedBlinky.o
 .debug_macro   0x0000000000000c70      0x215 ./Core/Src/LedBlinky.o
 .debug_macro   0x0000000000000e85       0x2e ./Core/Src/LedBlinky.o
 .debug_macro   0x0000000000000eb3       0x22 ./Core/Src/LedBlinky.o
 .debug_macro   0x0000000000000ed5       0x22 ./Core/Src/LedBlinky.o
 .debug_macro   0x0000000000000ef7       0x8e ./Core/Src/LedBlinky.o
 .debug_macro   0x0000000000000f85       0x51 ./Core/Src/LedBlinky.o
 .debug_macro   0x0000000000000fd6      0x103 ./Core/Src/LedBlinky.o
 .debug_macro   0x00000000000010d9       0x6a ./Core/Src/LedBlinky.o
 .debug_macro   0x0000000000001143      0x1df ./Core/Src/LedBlinky.o
 .debug_macro   0x0000000000001322       0x1c ./Core/Src/LedBlinky.o
 .debug_macro   0x000000000000133e       0x22 ./Core/Src/LedBlinky.o
 .debug_macro   0x0000000000001360       0xc3 ./Core/Src/LedBlinky.o
 .debug_macro   0x0000000000001423      0xd23 ./Core/Src/LedBlinky.o
 .debug_macro   0x0000000000002146     0xde75 ./Core/Src/LedBlinky.o
 .debug_macro   0x000000000000ffbb       0x6d ./Core/Src/LedBlinky.o
 .debug_macro   0x0000000000010028     0x3468 ./Core/Src/LedBlinky.o
 .debug_macro   0x0000000000013490      0x174 ./Core/Src/LedBlinky.o
 .debug_macro   0x0000000000013604       0x5c ./Core/Src/LedBlinky.o
 .debug_macro   0x0000000000013660      0x5be ./Core/Src/LedBlinky.o
 .debug_macro   0x0000000000013c1e      0x1b7 ./Core/Src/LedBlinky.o
 .debug_macro   0x0000000000013dd5      0x1cb ./Core/Src/LedBlinky.o
 .debug_macro   0x0000000000013fa0      0x114 ./Core/Src/LedBlinky.o
 .debug_macro   0x00000000000140b4      0x1b2 ./Core/Src/LedBlinky.o
 .debug_macro   0x0000000000014266       0x27 ./Core/Src/LedBlinky.o
 .debug_macro   0x000000000001428d      0x12f ./Core/Src/LedBlinky.o
 .debug_macro   0x00000000000143bc      0x1bc ./Core/Src/LedBlinky.o
 .debug_macro   0x0000000000014578       0x34 ./Core/Src/LedBlinky.o
 .debug_macro   0x00000000000145ac       0x3c ./Core/Src/LedBlinky.o
 .debug_macro   0x00000000000145e8       0x57 ./Core/Src/LedBlinky.o
 .debug_macro   0x000000000001463f       0x88 ./Core/Src/LedBlinky.o
 .debug_macro   0x00000000000146c7      0x183 ./Core/Src/LedBlinky.o
 .debug_macro   0x000000000001484a      0x141 ./Core/Src/LedBlinky.o
 .debug_macro   0x000000000001498b      0x8d1 ./Core/Src/LedBlinky.o
 .debug_macro   0x000000000001525c       0x69 ./Core/Src/LedBlinky.o
 .debug_macro   0x00000000000152c5       0x10 ./Core/Src/LedBlinky.o
 .debug_macro   0x00000000000152d5       0xd0 ./Core/Src/LedBlinky.o
 .debug_macro   0x00000000000153a5      0x1b1 ./Core/Src/button.o
 .debug_macro   0x0000000000015556      0x1ac ./Core/Src/display7seg.o
 .debug_macro   0x0000000000015702      0x1ea ./Core/Src/fsm_automatic.o
 .debug_macro   0x00000000000158ec      0x1ec ./Core/Src/fsm_longpress.o
 .debug_macro   0x0000000000015ad8      0x1e2 ./Core/Src/fsm_manual.o
 .debug_macro   0x0000000000015cba      0x1ca ./Core/Src/global.o
 .debug_macro   0x0000000000015e84      0x202 ./Core/Src/main.o
 .debug_macro   0x0000000000016086       0x1b ./Core/Src/software_timer.o
 .debug_macro   0x00000000000160a1      0x1a2 ./Core/Src/stm32f1xx_hal_msp.o
 .debug_macro   0x0000000000016243      0x1ac ./Core/Src/stm32f1xx_it.o
 .debug_macro   0x00000000000163ef      0x198 ./Core/Src/system_stm32f1xx.o
 .debug_macro   0x0000000000016587      0x1bc ./Drivers/STM32F1xx_HAL_Driver/Src/stm32f1xx_hal.o
 .debug_macro   0x0000000000016743      0x198 ./Drivers/STM32F1xx_HAL_Driver/Src/stm32f1xx_hal_cortex.o
 .debug_macro   0x00000000000168db      0x203 ./Drivers/STM32F1xx_HAL_Driver/Src/stm32f1xx_hal_gpio.o
 .debug_macro   0x0000000000016ade      0x1aa ./Drivers/STM32F1xx_HAL_Driver/Src/stm32f1xx_hal_rcc.o
 .debug_macro   0x0000000000016c88      0x199 ./Drivers/STM32F1xx_HAL_Driver/Src/stm32f1xx_hal_tim.o
 .debug_macro   0x0000000000016e21      0x198 ./Drivers/STM32F1xx_HAL_Driver/Src/stm32f1xx_hal_tim_ex.o

.debug_line     0x0000000000000000     0xc8ac
 .debug_line    0x0000000000000000      0x6ca ./Core/Src/LedBlinky.o
 .debug_line    0x00000000000006ca      0x7ab ./Core/Src/button.o
 .debug_line    0x0000000000000e75      0x6bb ./Core/Src/display7seg.o
 .debug_line    0x0000000000001530      0x813 ./Core/Src/fsm_automatic.o
 .debug_line    0x0000000000001d43      0x7d9 ./Core/Src/fsm_longpress.o
 .debug_line    0x000000000000251c      0x9b3 ./Core/Src/fsm_manual.o
 .debug_line    0x0000000000002ecf      0x66d ./Core/Src/global.o
 .debug_line    0x000000000000353c      0x806 ./Core/Src/main.o
 .debug_line    0x0000000000003d42       0xf5 ./Core/Src/software_timer.o
 .debug_line    0x0000000000003e37      0x6a1 ./Core/Src/stm32f1xx_hal_msp.o
 .debug_line    0x00000000000044d8      0x73f ./Core/Src/stm32f1xx_it.o
 .debug_line    0x0000000000004c17      0x6e3 ./Core/Src/system_stm32f1xx.o
 .debug_line    0x00000000000052fa       0x87 ./Core/Startup/startup_stm32f103c6ux.o
 .debug_line    0x0000000000005381      0x910 ./Drivers/STM32F1xx_HAL_Driver/Src/stm32f1xx_hal.o
 .debug_line    0x0000000000005c91      0xaf8 ./Drivers/STM32F1xx_HAL_Driver/Src/stm32f1xx_hal_cortex.o
 .debug_line    0x0000000000006789      0x991 ./Drivers/STM32F1xx_HAL_Driver/Src/stm32f1xx_hal_gpio.o
 .debug_line    0x000000000000711a      0xd1e ./Drivers/STM32F1xx_HAL_Driver/Src/stm32f1xx_hal_rcc.o
 .debug_line    0x0000000000007e38     0x326e ./Drivers/STM32F1xx_HAL_Driver/Src/stm32f1xx_hal_tim.o
 .debug_line    0x000000000000b0a6     0x1806 ./Drivers/STM32F1xx_HAL_Driver/Src/stm32f1xx_hal_tim_ex.o

.debug_str      0x0000000000000000    0x81f7a
 .debug_str     0x0000000000000000    0x7f3eb ./Core/Src/LedBlinky.o
                                      0x7f745 (size before relaxing)
 .debug_str     0x000000000007f3eb       0xe2 ./Core/Src/button.o
                                      0x7f628 (size before relaxing)
 .debug_str     0x000000000007f4cd       0x3a ./Core/Src/display7seg.o
                                      0x7f4f7 (size before relaxing)
 .debug_str     0x000000000007f507       0x44 ./Core/Src/fsm_automatic.o
                                      0x7f71a (size before relaxing)
 .debug_str     0x000000000007f54b       0x44 ./Core/Src/fsm_longpress.o
                                      0x7f730 (size before relaxing)
 .debug_str     0x000000000007f58f       0x28 ./Core/Src/fsm_manual.o
                                      0x7f714 (size before relaxing)
 .debug_str     0x000000000007f5b7       0x15 ./Core/Src/global.o
                                      0x7f6d7 (size before relaxing)
 .debug_str     0x000000000007f5cc      0x6f2 ./Core/Src/main.o
                                      0x7fee9 (size before relaxing)
 .debug_str     0x000000000007fcbe       0x7a ./Core/Src/software_timer.o
                                       0x2e10 (size before relaxing)
 .debug_str     0x000000000007fd38      0x2ba ./Core/Src/stm32f1xx_hal_msp.o
                                      0x7fc9b (size before relaxing)
 .debug_str     0x000000000007fff2       0xcd ./Core/Src/stm32f1xx_it.o
                                      0x7f9fd (size before relaxing)
 .debug_str     0x00000000000800bf       0x52 ./Core/Src/system_stm32f1xx.o
                                      0x7f503 (size before relaxing)
 .debug_str     0x0000000000080111       0x36 ./Core/Startup/startup_stm32f103c6ux.o
                                         0x6e (size before relaxing)
 .debug_str     0x0000000000080147      0x304 ./Drivers/STM32F1xx_HAL_Driver/Src/stm32f1xx_hal.o
                                      0x7fb5a (size before relaxing)
 .debug_str     0x000000000008044b      0x300 ./Drivers/STM32F1xx_HAL_Driver/Src/stm32f1xx_hal_cortex.o
                                      0x7fb62 (size before relaxing)
 .debug_str     0x000000000008074b      0x324 ./Drivers/STM32F1xx_HAL_Driver/Src/stm32f1xx_hal_gpio.o
                                      0x7f8c7 (size before relaxing)
 .debug_str     0x0000000000080a6f      0x24f ./Drivers/STM32F1xx_HAL_Driver/Src/stm32f1xx_hal_rcc.o
                                      0x7f900 (size before relaxing)
 .debug_str     0x0000000000080cbe      0xdce ./Drivers/STM32F1xx_HAL_Driver/Src/stm32f1xx_hal_tim.o
                                      0x808d2 (size before relaxing)
 .debug_str     0x0000000000081a8c      0x4ee ./Drivers/STM32F1xx_HAL_Driver/Src/stm32f1xx_hal_tim_ex.o
                                      0x80083 (size before relaxing)

.comment        0x0000000000000000       0x53
 .comment       0x0000000000000000       0x53 ./Core/Src/LedBlinky.o
                                         0x54 (size before relaxing)
 .comment       0x0000000000000053       0x54 ./Core/Src/button.o
 .comment       0x0000000000000053       0x54 ./Core/Src/display7seg.o
 .comment       0x0000000000000053       0x54 ./Core/Src/fsm_automatic.o
 .comment       0x0000000000000053       0x54 ./Core/Src/fsm_longpress.o
 .comment       0x0000000000000053       0x54 ./Core/Src/fsm_manual.o
 .comment       0x0000000000000053       0x54 ./Core/Src/global.o
 .comment       0x0000000000000053       0x54 ./Core/Src/main.o
 .comment       0x0000000000000053       0x54 ./Core/Src/software_timer.o
 .comment       0x0000000000000053       0x54 ./Core/Src/stm32f1xx_hal_msp.o
 .comment       0x0000000000000053       0x54 ./Core/Src/stm32f1xx_it.o
 .comment       0x0000000000000053       0x54 ./Core/Src/system_stm32f1xx.o
 .comment       0x0000000000000053       0x54 ./Drivers/STM32F1xx_HAL_Driver/Src/stm32f1xx_hal.o
 .comment       0x0000000000000053       0x54 ./Drivers/STM32F1xx_HAL_Driver/Src/stm32f1xx_hal_cortex.o
 .comment       0x0000000000000053       0x54 ./Drivers/STM32F1xx_HAL_Driver/Src/stm32f1xx_hal_gpio.o
 .comment       0x0000000000000053       0x54 ./Drivers/STM32F1xx_HAL_Driver/Src/stm32f1xx_hal_rcc.o
 .comment       0x0000000000000053       0x54 ./Drivers/STM32F1xx_HAL_Driver/Src/stm32f1xx_hal_tim.o
 .comment       0x0000000000000053       0x54 ./Drivers/STM32F1xx_HAL_Driver/Src/stm32f1xx_hal_tim_ex.o

.debug_frame    0x0000000000000000     0x2820
 .debug_frame   0x0000000000000000       0x2c ./Core/Src/LedBlinky.o
 .debug_frame   0x000000000000002c       0xc4 ./Core/Src/button.o
 .debug_frame   0x00000000000000f0       0x38 ./Core/Src/display7seg.o
 .debug_frame   0x0000000000000128       0x2c ./Core/Src/fsm_automatic.o
 .debug_frame   0x0000000000000154       0x2c ./Core/Src/fsm_longpress.o
 .debug_frame   0x0000000000000180       0x2c ./Core/Src/fsm_manual.o
 .debug_frame   0x00000000000001ac       0xd4 ./Core/Src/main.o
 .debug_frame   0x0000000000000280       0xa8 ./Core/Src/software_timer.o
 .debug_frame   0x0000000000000328       0x80 ./Core/Src/stm32f1xx_hal_msp.o
 .debug_frame   0x00000000000003a8      0x120 ./Core/Src/stm32f1xx_it.o
 .debug_frame   0x00000000000004c8       0x58 ./Core/Src/system_stm32f1xx.o
 .debug_frame   0x0000000000000520      0x334 ./Drivers/STM32F1xx_HAL_Driver/Src/stm32f1xx_hal.o
 .debug_frame   0x0000000000000854      0x428 ./Drivers/STM32F1xx_HAL_Driver/Src/stm32f1xx_hal_cortex.o
 .debug_frame   0x0000000000000c7c      0x14c ./Drivers/STM32F1xx_HAL_Driver/Src/stm32f1xx_hal_gpio.o
 .debug_frame   0x0000000000000dc8      0x21c ./Drivers/STM32F1xx_HAL_Driver/Src/stm32f1xx_hal_rcc.o
 .debug_frame   0x0000000000000fe4     0x11b8 ./Drivers/STM32F1xx_HAL_Driver/Src/stm32f1xx_hal_tim.o
 .debug_frame   0x000000000000219c      0x638 ./Drivers/STM32F1xx_HAL_Driver/Src/stm32f1xx_hal_tim_ex.o
 .debug_frame   0x00000000000027d4       0x2c c:/st/stm32cubeide_1.7.0/stm32cubeide/plugins/com.st.stm32cube.ide.mcu.externaltools.gnu-tools-for-stm32.9-2020-q2-update.win32_2.0.0.202105311346/tools/bin/../lib/gcc/arm-none-eabi/9.3.1/../../../../arm-none-eabi/lib/thumb/v7-m/nofp\libc_nano.a(lib_a-init.o)
 .debug_frame   0x0000000000002800       0x20 c:/st/stm32cubeide_1.7.0/stm32cubeide/plugins/com.st.stm32cube.ide.mcu.externaltools.gnu-tools-for-stm32.9-2020-q2-update.win32_2.0.0.202105311346/tools/bin/../lib/gcc/arm-none-eabi/9.3.1/../../../../arm-none-eabi/lib/thumb/v7-m/nofp\libc_nano.a(lib_a-memset.o)
